// Jest Snapshot v1, https://goo.gl/fbAQLP

exports[`hello world 1`] = `
<p>
  Hello World
</p>
`;
